DEPLOY

== 5.18.52 (deploy) — 20260928T055618Z — vm ==

== A. Before-evidence (read-only) ==
  checkout        <sandbox>/repo
  repo HEAD       e5d3264
  plugin commit   7ad465e   (expected 7ad465e)
  installs        the checkout as it is
  plugin version  5.18.52   (expected 5.18.52)
  tracked edits   0
  5.18.52         20 files differ from 240f2f9: 12 changed, 8 added, 1 removed
  note  files removed or renamed in 5.18.52 stay on the server under their old name (deploy-hybrid.sh never deletes): tests/test_job_notifications_off.php 
  serves          <sandbox>/mount/ucrm/data/plugins/dishnet-hybrid-sudan
  live commit     240f2f9
  live version    5.18.51
  --check says:
     
       repo      <sandbox>/repo  (7ad465e)
       serves    <sandbox>/mount/ucrm/data/plugins/dishnet-hybrid-sudan
       live      240f2f9
     
       NOT up to date — run without --check to deploy.
     
  container PHP   8.4.19
  data dir        /data/ucrm/data/plugins/.dishnet-hybrid-sudan-data (container)  =  <sandbox>/mount/ucrm/data/plugins/.dishnet-hybrid-sudan-data (host)
  database owner  0:0   (every read below runs as this user, and opens the database read-only)
  plugin URL      http://127.0.0.1:41833/public.php
  the :8443 door  https://127.0.0.1:8443/public.php
  job links       http://127.0.0.1:41833/public.php?page=dashboard&tab=scheduling&job=<id>   (what message 1 and message 2 carry)
  before: the sign-in page on the public address → 200
  tenant          the configuration's store copy reads uganda; its files read uganda
  ok    A1 the installed plugin reads Uganda from both configuration sources — the job notifier will be on
  ok    A2 PHP 8.4.19 in the container accepts all 9 changed PHP files that run on the server (and 8 test files)
  ok    A3 staff accounts read: 7 accounts, 6 active; of the 5 active accounts that take jobs, 3 hold a uCRM user id (1 through a verified link, 2 stored the old way) and 1 only an FTTH id — digest d4d96bcbdd00233e
  ok    A4 the Message Log holds 4 rows; its last is #4
  …     migrations 075 and 076 have not run here: no job_notify_state, no job_notify_events (as expected on 5.18.51)

== A. Backup ==
  ok    backed up plugin.sqlite3 → <sandbox>/out/backup-20260928T055618Z/plugin.sqlite3 (2.1M) — one consistent copy (VACUUM INTO as 0:0, SQLite 3.45.1), integrity ok, 116 tables, the same sha256 on both sides
  ok    backed up dishnet.sqlite → <sandbox>/out/backup-20260928T055618Z/dishnet.sqlite (8.0K) — one consistent copy (VACUUM INTO as 0:0, SQLite 3.45.1), integrity ok, 1 tables, the same sha256 on both sides
  ok    backed up <sandbox>/mount/ucrm/data/plugins/.dishnet-hybrid-sudan-data → <sandbox>/out/backup-20260928T055618Z/.dishnet-hybrid-sudan-data.tar.gz (4.0K) — without the live databases, copied above
  ok    backed up <sandbox>/mount/ucrm/data/plugins/dishnet-hybrid-sudan/data → <sandbox>/out/backup-20260928T055618Z/data.tar.gz (4.0K)
  ok    backed up the installed plugin (5.18.51, 240f2f9) → <sandbox>/out/backup-20260928T055618Z/plugin-installed-5.18.51.tar.gz (11M) — its code, without data/
  ok    backed up the configuration vault → <sandbox>/out/backup-20260928T055618Z/config-vault.json (34 bytes, identical)
  note  verify-uisp-health.sh did not pass — recorded in <sandbox>/out/backup-20260928T055618Z/health-before.txt

  GO — evidence recorded, backup in <sandbox>/out/backup-20260928T055618Z
  The rollback command is printed at the end of this log, on its own.

== B. The documented deploy (scripts/deploy-hybrid.sh) ==
  Type DEPLOY to deploy 5.18.52 (7ad465e) over live 240f2f9, anything else to stop: 
  marked: the Message Log's last row is #4; staff digest d4d96bcbdd00233e — recorded in <sandbox>/out/state-5.18.52.env
     
       repo      <sandbox>/repo  (7ad465e)
       serves    <sandbox>/mount/ucrm/data/plugins/dishnet-hybrid-sudan
       live      240f2f9
     
       ✓ container now serves 7ad465e
     
  ok    container serves 7ad465e

== V. Verification over the public address and the :8443 door (nothing signed in; no customer touched) ==
  ok    V1 the sign-in page on the public address answers 200 with zero redirects (no loop)
  ok    V1 the portal without a session still refuses (302)
  ok    V1 its Location carries no :8443
  ok    V2 the sign-in page answers 200
  ok    V2 the sign-in page carries no South Sudan contact
  ok    V2 the Terms page answers 200
  ok    V2 the Terms page's contacts and footer carry no South Sudan literal (A1.1)
  ok    V2 the Terms page carries the Uganda WhatsApp link and locality
  ok    V2 the Terms page names South Sudan ×0 and Juba ×0 (A2)
  ok    V2 the Terms page carries the approved Uganda identity, governing law and forum (A2 points 1–3)
  ok    V2 the Terms page states no South Sudan fee and no fibre/LTE product (A2 points 7–8)
  ok    V2 the Terms page shows version 1.1
  ok    V2 the Privacy page answers 200 with no South Sudan contact
  ok    V2 the Privacy page carries the Uganda regulator sentence and both sign-in channels, and no South Sudan or fibre/LTE clause (A2 points 4, 9, 10)
  ok    V2 app_legal_version answers 1.1 / 1.1 — nobody is asked to accept the terms again
  ok    V3 the sign-in page on :8443 → 302 → the public address, same path and query (A1.3)
  ok    V3 the customer manifest on :8443 → 302
  ok    V3 page=api on :8443 is answered (200), never redirected — the wrapper's calls keep working
  ok    V3 the native wrapper's request on :8443 is served (200), not redirected
  ok    V3 a POST on :8443 is never redirected (200)
  …     waiting 0s for the first requests on the code now installed
  ok    V4 no fatal or parse error of dishnet-hybrid-sudan in the container log since 2026-09-28T05:56:21Z

== R. 5.18.52 installed (read-only) ==
  ok    R1 all 20 files 5.18.52 changes are installed exactly as 7ad465e has them (8 of them new)
  ok    R1 the installed manifest says 5.18.52
  ok    R1 the 29 other files of Release A and 5.18.51 are installed exactly as 7ad465e has them
  ok    R2 the installed StaffJobsGate reads Uganda from both configuration sources: the job notifier is on (store on, files on)
  ok    R3 every staff account is as it was at stage A of this run: role, status, e-mail, phone, uCRM user id and link (digest d4d96bcbdd00233e, 7 accounts)
  ok    R4 the old ＋ New Job, Bulk Dispatch and Reschedule messages stay off since row #4 (0)
  …     release B's job messages since row #4: none (nobody created or changed a job)
  …     since row #4 the Message Log has 0 new row(s)
  ok    R5 the master cron's job_assign entry is still commented out (path A stays off)
  ok    R6 the job notifier is wired in: New Job, Bulk Dispatch, Reschedule, Accept, uCRM's job.add/job.edit/job.delete, the sign-in return, the e-mail copy; ＋ New Job says the engineer gets a WhatsApp message and the same by e-mail
  ok    R6 the old "No WhatsApp message is sent for jobs yet" is gone from the screen
  note  R7 1 of 5 active accounts that take jobs have a verified uCRM link: only they receive job messages. The other 4 get none (logged "WhatsApp skipped: no staff account is linked") until an admin saves their uCRM user through the picker (Staff → edit → uCRM user); 2 of them hold an id stored the old way and 1 only an FTTH id — neither counts on Uganda (M7)
  ok    R8 the installed master.php keeps 5.18.51's lock guard (is_resource)
  ok    R9 migrations 075 and 076 are applied: job_notify_state holds 0 job(s), job_notify_events 0 row(s), with the e-mail's outcome
  ok    R10 a job link opened signed out → 302 → the staff sign-in page, and no job shown
  note  R11 the plugin's mail settings name no mail server: each job message is recorded "no e-mail: the plugin has no mail server set up" until one is set (Settings → System → Email Settings); the WhatsApp is not affected

== F. Summary ==
  deployed commit   7ad465e  (plugin 5.18.52)
  backup            <sandbox>/out/backup-20260928T055618Z
  the data          this release adds two tables and changes no row: a rollback needs no restore. The database copies are there for a restore on instruction only
  job messages      on Uganda each job change sends one WhatsApp message, to the engineer uCRM has on the job: message 1 with the ACCEPT JOB link, a new time, "no longer assigned", "cancelled"; after Accept, message 2 with the completion link
  and by e-mail     each of them also by e-mail, the same text, to the address on that engineer's staff account (R11: which mail server)
  who gets them     only accounts with a verified uCRM link (R7); everyone else's job is logged "WhatsApp skipped" in WA Events, and gets no e-mail either
  later             cd <sandbox>/repo && bash scripts/deploy-5.18.52.sh --after-only   re-measures R3, R4 and R9 since this deploy; send its log file
  checks            44 ok, 0 failed, 4 notes

  5.18.52 (deploy): PASSED. Send this LOG FILE back (not a copy of the terminal).

  Only if it is ever needed — its own command, never pasted together with the deploy (docs/44 §16.9) —
  the rollback to 5.18.51 (240f2f9) asks you to type ROLLBACK before it changes anything:
      cd <sandbox>/repo && bash scripts/deploy-5.18.52.sh --rollback
  or by hand, if this script cannot run:
      cd <sandbox>/repo && git checkout 240f2f9 && bash scripts/deploy-hybrid.sh && git checkout -
