

== 5.18.52 (after) — 20260927T231217Z — vm ==

== A. Before-evidence (read-only) ==
  checkout        <sandbox>/repo
  repo HEAD       9e1740d
  plugin commit   fc5c3b7   (expected fc5c3b7)
  installs        the checkout as it is
  plugin version  5.18.52   (expected 5.18.52)
  tracked edits   0
  5.18.52         17 files differ from 240f2f9: 10 changed, 7 added, 1 removed
  note  files removed or renamed in 5.18.52 stay on the server under their old name (deploy-hybrid.sh never deletes): tests/test_job_notifications_off.php 
  serves          <sandbox>/mount/ucrm/data/plugins/dishnet-hybrid-sudan
  live commit     fc5c3b7
  live version    5.18.52
  --check says:
     
       repo      <sandbox>/repo  (fc5c3b7)
       serves    <sandbox>/mount/ucrm/data/plugins/dishnet-hybrid-sudan
       live      fc5c3b7
     
       Up to date.
     
  container PHP   8.4.19
  data dir        /data/ucrm/data/plugins/.dishnet-hybrid-sudan-data (container)  =  <sandbox>/mount/ucrm/data/plugins/.dishnet-hybrid-sudan-data (host)
  database owner  0:0   (every read below runs as this user, and opens the database read-only)
  plugin URL      http://127.0.0.1:<port>/public.php
  the :8443 door  https://127.0.0.1:8443/public.php
  job links       http://127.0.0.1:<port>/public.php?page=dashboard&tab=scheduling&job=<id>   (what message 1 and message 2 carry)
  before: the sign-in page on the public address → 200
  tenant          the configuration's store copy reads uganda; its files read uganda
  ok    A1 the installed plugin reads Uganda from both configuration sources — the job notifier will be on
  ok    A3 staff accounts read: 7 accounts, 6 active; of the 5 active accounts that take jobs, 3 hold a uCRM user id (1 through a verified link, 2 stored the old way) and 1 only an FTTH id — digest d4d96bcbdd00233e
  ok    A4 the Message Log holds 4 rows; its last is #4
  …     migration 075 recorded 1×; job_notify_state 0 rows, job_notify_events 0 rows (5.18.52 is installed)
  ok    live commit is fc5c3b7

== V. Verification over the public address and the :8443 door (nothing signed in; no customer touched) ==
  ok    V1 the sign-in page on the public address answers 200 with zero redirects (no loop)
  ok    V1 the portal without a session still refuses (302)
  ok    V1 its Location carries no :8443
  ok    V2 the sign-in page answers 200
  ok    V2 the sign-in page carries no South Sudan contact
  ok    V2 the Terms page answers 200
  ok    V2 the Terms page's contacts and footer carry no South Sudan literal (A1.1)
  ok    V2 the Terms page carries the Uganda WhatsApp link and locality
  ok    V2 the Terms page names South Sudan ×0 and Juba ×0 (A2)
  ok    V2 the Terms page carries the approved Uganda identity, governing law and forum (A2 points 1–3)
  ok    V2 the Terms page states no South Sudan fee and no fibre/LTE product (A2 points 7–8)
  ok    V2 the Terms page shows version 1.1
  ok    V2 the Privacy page answers 200 with no South Sudan contact
  ok    V2 the Privacy page carries the Uganda regulator sentence and both sign-in channels, and no South Sudan or fibre/LTE clause (A2 points 4, 9, 10)
  ok    V2 app_legal_version answers 1.1 / 1.1 — nobody is asked to accept the terms again
  ok    V3 the sign-in page on :8443 → 302 → the public address, same path and query (A1.3)
  ok    V3 the customer manifest on :8443 → 302
  ok    V3 page=api on :8443 is answered (200), never redirected — the wrapper's calls keep working
  ok    V3 the native wrapper's request on :8443 is served (200), not redirected
  ok    V3 a POST on :8443 is never redirected (200)
  ok    V4 no fatal or parse error of dishnet-hybrid-sudan in the container log since 2026-09-27T20:11:49Z

== R. 5.18.52 installed (read-only) ==
  ok    R1 all 17 files 5.18.52 changes are installed exactly as fc5c3b7 has them (7 of them new)
  ok    R1 the installed manifest says 5.18.52
  ok    R1 the 30 other files of Release A and 5.18.51 are installed exactly as fc5c3b7 has them
  ok    R2 the installed StaffJobsGate reads Uganda from both configuration sources: the job notifier is on (store on, files on)
  ok    R3 every staff account is as it was at the deploy's stage A (2026-09-27T20:11:49Z): role, status, e-mail, phone, uCRM user id and link (digest d4d96bcbdd00233e, 7 accounts)
  ok    R4 the old ＋ New Job, Bulk Dispatch and Reschedule messages stay off since row #4 (0)
  …     release B's job messages since row #4: none (nobody created or changed a job)
  …     since row #4 the Message Log has 0 new row(s)
  ok    R5 the master cron's job_assign entry is still commented out (path A stays off)
  ok    R6 the job notifier is wired in: New Job, Bulk Dispatch, Reschedule, Accept, uCRM's job.add/job.edit/job.delete, the sign-in return; ＋ New Job says the engineer gets a WhatsApp message
  ok    R6 the old "No WhatsApp message is sent for jobs yet" is gone from the screen
  note  R7 1 of 5 active accounts that take jobs have a verified uCRM link: only they receive job messages. The other 4 get none (logged "WhatsApp skipped: no staff account is linked") until an admin saves their uCRM user through the picker (Staff → edit → uCRM user); 2 of them hold an id stored the old way and 1 only an FTTH id — neither counts on Uganda (M7)
  ok    R8 the installed master.php keeps 5.18.51's lock guard (is_resource)
  ok    R9 migration 075 is applied: job_notify_state holds 0 job(s), job_notify_events 0 row(s)
  ok    R10 a job link opened signed out → 302 → the staff sign-in page, and no job shown

== F. Summary ==
  deployed commit   fc5c3b7  (plugin 5.18.52)
  job messages      on Uganda each job change sends one WhatsApp message, to the engineer uCRM has on the job: message 1 with the ACCEPT JOB link, a new time, "no longer assigned", "cancelled"; after Accept, message 2 with the completion link
  who gets them     only accounts with a verified uCRM link (R7); everyone else's job is logged "WhatsApp skipped" in WA Events
  later             cd <sandbox>/repo && bash scripts/deploy-5.18.52.sh --after-only   re-measures R3, R4 and R9 since this deploy; send its log file
  checks            37 ok, 0 failed, 2 notes

  5.18.52 (after): PASSED. Send this LOG FILE back (not a copy of the terminal).

  Only if it is ever needed — its own command, never pasted together with the deploy (docs/44 §16.9) —
  the rollback to 5.18.51 (240f2f9) asks you to type ROLLBACK before it changes anything:
      cd <sandbox>/repo && bash scripts/deploy-5.18.52.sh --rollback
  or by hand, if this script cannot run:
      cd <sandbox>/repo && git checkout 240f2f9 && bash scripts/deploy-hybrid.sh && git checkout -
