DEPLOY

== 5.18.54 (deploy) — 20260930T142937Z — vm ==

== A. Before-evidence (read-only) ==
  checkout        <sandbox>/repo
  repo HEAD       fde675c
  plugin commit   e8a8508   (expected e8a8508)
  installs        the checkout as it is
  plugin version  5.18.54   (expected 5.18.54)
  tracked edits   0
  5.18.54         91 files differ from 6b71ea6: 46 changed, 45 added, 0 removed
  serves          <sandbox>/mount/ucrm/data/plugins/dishnet-hybrid-sudan
  live commit     6b71ea6
  live version    5.18.53
  --check says:
     
       repo      <sandbox>/repo  (e8a8508)
       serves    <sandbox>/mount/ucrm/data/plugins/dishnet-hybrid-sudan
       live      6b71ea6
     
       NOT up to date — run without --check to deploy.
     
  container PHP   8.4.19
  data dir        /data/ucrm/data/plugins/.dishnet-hybrid-sudan-data (container)  =  <sandbox>/mount/ucrm/data/plugins/.dishnet-hybrid-sudan-data (host)
  database owner  0:0   (every read below runs as this user, and opens the database read-only)
  plugin URL      http://127.0.0.1:47733/public.php
  the :8443 door  https://127.0.0.1:8443/public.php
  job links       http://127.0.0.1:47733/public.php?page=dashboard&tab=scheduling&job=<id>   (what message 1 and message 2 carry)
  before: the sign-in page on the public address → 200
  tenant          the configuration's store copy reads uganda; its files read uganda
  ok    A1 the installed plugin reads Uganda from both configuration sources — the notification fixes and the job notifier will be on
  ok    A2 PHP 8.4.19 in the container accepts all 48 changed PHP files that run on the server (and 42 test files)
  ok    A3 staff accounts read: 7 accounts, 6 active; of the 5 active accounts that take jobs, 3 hold a uCRM user id (1 through a verified link, 2 stored the old way) and 1 only an FTTH id — digest d4d96bcbdd00233e
  ok    A4 the Message Log holds 4 rows; its last is #4
  …     migrations 075 and 076 are applied, as 5.18.52 left them: job_notify_state 0 job(s), job_notify_events 0 row(s)
  ok    A6 the plugin log (data/plugin.log, 189 bytes) can be written by the database's owner, as whom PHP-FPM writes: a record that cannot be saved, the watchdog and a send that finds no WhatsApp connection will be said there
  OPcache         enable -, validate_timestamps 1 (php.ini:21), revalidate_freq 2 ('-' is unset: PHP's defaults are 1, 1, 2); 0 PHP-FPM pool setting(s)
  settings (store) billing_model=unset timezone=unset whatsapp_admin_phone=unset alert_whatsapp=unset identity_enabled=unset renewal_reminders_enabled=unset kyc_quote_send_via_crm=unset staff_jobs_brief=unset wa_accounts_number=unset
  settings (files) billing_model=unset timezone=unset whatsapp_admin_phone=unset alert_whatsapp=unset identity_enabled=unset renewal_reminders_enabled=unset kyc_quote_send_via_crm=unset staff_jobs_brief=unset wa_accounts_number=unset

== A. Backup ==
  ok    backed up plugin.sqlite3 → <sandbox>/out/backup-20260930T142937Z/plugin.sqlite3 (2.2M) — one consistent copy (VACUUM INTO as 0:0, SQLite 3.45.1), integrity ok, 118 tables, the same sha256 on both sides
  ok    backed up dishnet.sqlite → <sandbox>/out/backup-20260930T142937Z/dishnet.sqlite (8.0K) — one consistent copy (VACUUM INTO as 0:0, SQLite 3.45.1), integrity ok, 1 tables, the same sha256 on both sides
  ok    backed up <sandbox>/mount/ucrm/data/plugins/.dishnet-hybrid-sudan-data → <sandbox>/out/backup-20260930T142937Z/.dishnet-hybrid-sudan-data.tar.gz (4.0K) — without the live databases, copied above
  ok    backed up <sandbox>/mount/ucrm/data/plugins/dishnet-hybrid-sudan/data → <sandbox>/out/backup-20260930T142937Z/data.tar.gz (4.0K)
  ok    backed up the installed plugin (5.18.53, 6b71ea6) → <sandbox>/out/backup-20260930T142937Z/plugin-installed-5.18.53.tar.gz (11M) — its code, without data/
  ok    backed up the configuration vault → <sandbox>/out/backup-20260930T142937Z/config-vault.json (34 bytes, identical)
  note  verify-uisp-health.sh did not pass — recorded in <sandbox>/out/backup-20260930T142937Z/health-before.txt

  GO — evidence recorded, backup in <sandbox>/out/backup-20260930T142937Z
  The rollback command is printed at the end of this log, on its own.

== B. The documented deploy (scripts/deploy-hybrid.sh) ==
  Type DEPLOY to deploy 5.18.54 (e8a8508) over live 6b71ea6, anything else to stop: 
  marked: the Message Log's last row is #4; staff digest d4d96bcbdd00233e — recorded in <sandbox>/out/state-5.18.54.env
     
       repo      <sandbox>/repo  (e8a8508)
       serves    <sandbox>/mount/ucrm/data/plugins/dishnet-hybrid-sudan
       live      6b71ea6
     
       ✓ container now serves e8a8508
     
  gave the 91 installed file(s) this release changes the time of this copy, 14:29:45 UTC: PHP-FPM compiles each again at its next use
  ok    container serves e8a8508

== V. Verification over the public address and the :8443 door (nothing signed in; no customer touched) ==
  ok    V1 the sign-in page on the public address answers 200 with zero redirects (no loop)
  ok    V1 the portal without a session still refuses (302)
  ok    V1 its Location carries no :8443
  ok    V2 the sign-in page answers 200
  ok    V2 the sign-in page carries no South Sudan contact
  ok    V2 the Terms page answers 200
  ok    V2 the Terms page's contacts and footer carry no South Sudan literal (A1.1)
  ok    V2 the Terms page carries the Uganda WhatsApp link and locality
  ok    V2 the Terms page names South Sudan ×0 and Juba ×0 (A2)
  ok    V2 the Terms page carries the approved Uganda identity, governing law and forum (A2 points 1–3)
  ok    V2 the Terms page states no South Sudan fee and no fibre/LTE product (A2 points 7–8)
  ok    V2 the Terms page shows version 1.1
  ok    V2 the Privacy page answers 200 with no South Sudan contact
  ok    V2 the Privacy page carries the Uganda regulator sentence and both sign-in channels, and no South Sudan or fibre/LTE clause (A2 points 4, 9, 10)
  ok    V2 app_legal_version answers 1.1 / 1.1 — nobody is asked to accept the terms again
  ok    V3 the sign-in page on :8443 → 302 → the public address, same path and query (A1.3)
  ok    V3 the customer manifest on :8443 → 302
  ok    V3 page=api on :8443 is answered (200), never redirected — the wrapper's calls keep working
  ok    V3 the native wrapper's request on :8443 is served (200), not redirected
  ok    V3 a POST on :8443 is never redirected (200)
  …     waiting 0s for the first requests on the code now installed
  ok    V4 no fatal or parse error of dishnet-hybrid-sudan in the container log since 2026-09-30T14:29:44Z

== R. 5.18.54 installed (read-only) ==
  ok    R1 all 91 files 5.18.54 changes are installed exactly as e8a8508 has them (45 of them new)
  ok    R1 the installed manifest says 5.18.54
  ok    R1 the 39 other files of Release A, 5.18.51, 5.18.52 and 5.18.53 are installed exactly as e8a8508 has them
  ok    R2 the installed StaffJobsGate reads Uganda from both configuration sources: the job notifier is on (store on, files on)
  ok    R2 the installed NotifyGate reads Uganda from both configuration sources: all 23 of 5.18.54's fixes are on (store 23/23, files 23/23)
  ok    R3 every staff account is as it was at stage A of this run: role, status, e-mail, phone, uCRM user id and link (digest d4d96bcbdd00233e, 7 accounts)
  ok    R4 the old ＋ New Job, Bulk Dispatch and Reschedule messages stay off since row #4 (0)
  …     release B's job messages since row #4: none (nobody created or changed a job)
  …     since row #4 the Message Log has 0 new row(s)
  ok    R5 the master cron's job_assign entry is still commented out (path A stays off)
  ok    R5 the installed master.php registers 5.18.54's three jobs — the watchdog second, the daytime reminders, the retries — each behind its NotifyGate fix
  ok    R6 the job notifier is wired in: New Job, Bulk Dispatch, Reschedule, Accept, uCRM's job.add/job.edit/job.delete, the sign-in return, the e-mail copy; ＋ New Job says the engineer gets a WhatsApp message and the same by e-mail
  ok    R6 the old "No WhatsApp message is sent for jobs yet" is gone from the screen
  ok    R6 5.18.53 is in the installed files: the claim's read ends before its COMMIT in accepted() and observe(); the Message Log row, the failure queue, the conversation store, the echo claim and the history each get a line in the plugin log when they cannot be saved
  ok    R6 5.18.54 is in the installed files: the gate; the payment flow; the draft invoice's claim; the failure-queue API's rule; the doubtful send; the daytime reminders, the retries and the watchdog; the silent send's trace; the quote cron's log; the alert cooldown; the Starlink notice's number; System Health
  note  R7 1 of 5 active accounts that take jobs have a verified uCRM link: only they receive job messages. The other 4 get none (logged "WhatsApp skipped: no staff account is linked") until an admin saves their uCRM user through the picker (Staff → edit → uCRM user); 2 of them hold an id stored the old way and 1 only an FTTH id — neither counts on Uganda (M7)
  ok    R8 the installed master.php keeps 5.18.51's lock guard (is_resource)
  ok    R9 migrations 075 and 076 are still applied: job_notify_state holds 0 job(s), job_notify_events 0 row(s), with the e-mail's outcome
  ok    R10 a job link opened signed out → 302 → the staff sign-in page, and no job shown
  note  R11 the plugin's mail settings name no mail server: each job message is recorded "no e-mail: the plugin has no mail server set up" until one is set (Settings → System → Email Settings); the WhatsApp is not affected
  ok    R12 all 91 files this release changes carry a time from this deploy (2026-09-30T14:29:44Z or later), none the time of the copy before it
  ok    R12 OPcache checks a file's time at most every 2 s and no PHP-FPM pool overrides it: PHP-FPM compiles each changed file again at its next use
  ok    R13 the plugin log (data/plugin.log) has no "not saved" line since the deploy
  …     since the deploy the plugin log holds no [watchdog], [whatsapp] or [alerts] line
  note  R14 neither copy of the settings names a WhatsApp connection
  …     notify_watchdog has not run yet (master runs it at its next cycle)
  …     customer_reminders has not run yet (master runs it at its next cycle inside 09:00–17:00)
  …     notify_retry has not run yet (master runs it at its next cycle)
  ok    R14 none of the watchdog's conditions holds now: no notification job stopped or unfinished, no pile of failures, the settings' copies agree
  note  R14 no administrator number (whatsapp_admin_phone) is set in either copy of the settings: the watchdog's alerts reach only the plugin log (docs/46 E-11)
  …     the failure queue by status: empty   (failed and exhausted rows wait for a person in Engage → Failed Queue)

== F. Summary ==
  deployed commit   e8a8508  (plugin 5.18.54)
  backup            <sandbox>/out/backup-20260930T142937Z
  the data          this release changes no table and no row: a rollback needs no restore. The database copies are there for a restore on instruction only
  the notifications 5.18.54's fixes are on for Uganda (R2), master runs its three new jobs (R5), each change is in the files (R6)
  first to watch    the daily reminders between 09:00 and 17:00; the watchdog's lines in the plugin log (R13); the failure queue (R14); the morning brief at 07:00
  what PHP runs     the files this release changes carry this deploy's time, so PHP-FPM compiles them again at their next use (R12)
  later             cd <sandbox>/repo && bash scripts/deploy-5.18.54.sh --after-only   re-measures R3, R4, R9, R12, R13 and R14 since this deploy; send its log file
  checks            53 ok, 0 failed, 5 notes

  5.18.54 (deploy): PASSED. Send this LOG FILE back (not a copy of the terminal).

  Only if it is ever needed — its own command, never pasted together with the deploy (docs/44 §16.9) —
  the rollback to 5.18.53 (6b71ea6) asks you to type ROLLBACK before it changes anything:
      cd <sandbox>/repo && bash scripts/deploy-5.18.54.sh --rollback
  or by hand, if this script cannot run:
      cd <sandbox>/repo && git checkout 6b71ea6 && bash scripts/deploy-hybrid.sh && git checkout -
